\BOOKMARK [0][-]{chapter.1}{\376\377\000I\000n\000t\000r\000o\000d\000u\000c\000c\000i\000\363\000n}{}% 1
\BOOKMARK [1][-]{section.1.1}{\376\377\000P\000r\000e\000s\000e\000n\000t\000a\000c\000i\000\363\000n}{chapter.1}% 2
\BOOKMARK [1][-]{section.1.2}{\376\377\000O\000r\000g\000a\000n\000i\000z\000a\000c\000i\000\363\000n\000\040\000d\000e\000l\000\040\000c\000o\000n\000t\000e\000n\000i\000d\000o}{chapter.1}% 3
\BOOKMARK [1][-]{section.1.3}{\376\377\000N\000o\000t\000a\000c\000i\000\363\000n\000,\000\040\000s\000\355\000m\000b\000o\000l\000o\000s\000\040\000y\000\040\000c\000o\000n\000v\000e\000n\000c\000i\000o\000n\000e\000s\000\040\000u\000t\000i\000l\000i\000z\000a\000d\000a\000s}{chapter.1}% 4
\BOOKMARK [0][-]{chapter.2}{\376\377\000M\000o\000d\000e\000l\000o\000\040\000d\000e\000l\000\040\000a\000l\000c\000a\000n\000c\000e}{}% 5
\BOOKMARK [1][-]{section.2.1}{\376\377\000A\000n\000\341\000l\000i\000s\000i\000s\000\040\000d\000e\000\040\000l\000a\000\040\000p\000r\000o\000b\000l\000e\000m\000\341\000t\000i\000c\000a}{chapter.2}% 6
\BOOKMARK [2][-]{subsection.2.1.1}{\376\377\000C\000o\000n\000t\000e\000x\000t\000o\000\040\000d\000e\000l\000\040\000p\000r\000o\000y\000e\000c\000t\000o}{section.2.1}% 7
\BOOKMARK [2][-]{subsection.2.1.2}{\376\377\000P\000r\000o\000b\000l\000e\000m\000a\000s\000\040\000i\000d\000e\000n\000t\000i\000f\000i\000c\000a\000d\000o\000s}{section.2.1}% 8
\BOOKMARK [2][-]{subsection.2.1.3}{\376\377\000A\000n\000\341\000l\000i\000s\000i\000s\000\040\000d\000e\000\040\000c\000a\000u\000s\000a\000s\000\040\000p\000r\000o\000b\000a\000b\000l\000e\000s}{section.2.1}% 9
\BOOKMARK [2][-]{subsection.2.1.4}{\376\377\000A\000n\000\341\000l\000i\000s\000i\000s\000\040\000d\000e\000\040\000p\000o\000s\000i\000b\000l\000e\000s\000\040\000c\000o\000n\000s\000e\000c\000u\000e\000n\000c\000i\000a\000s}{section.2.1}% 10
\BOOKMARK [2][-]{subsection.2.1.5}{\376\377\000C\000a\000r\000a\000c\000t\000e\000r\000\355\000s\000t\000i\000c\000a\000s\000\040\000d\000e\000\040\000l\000a\000\040\000s\000o\000l\000u\000c\000i\000\363\000n}{section.2.1}% 11
\BOOKMARK [2][-]{subsection.2.1.6}{\376\377\000S\000\355\000n\000t\000e\000s\000i\000s\000\040\000d\000e\000\040\000l\000a\000\040\000p\000r\000o\000b\000l\000e\000m\000\341\000t\000i\000c\000a}{section.2.1}% 12
\BOOKMARK [1][-]{section.2.2}{\376\377\000O\000b\000j\000e\000t\000i\000v\000o\000s\000\040\000d\000e\000l\000\040\000p\000r\000o\000y\000e\000c\000t\000o}{chapter.2}% 13
\BOOKMARK [2][-]{subsection.2.2.1}{\376\377\000O\000b\000j\000e\000t\000i\000v\000o\000\040\000g\000e\000n\000e\000r\000a\000l}{section.2.2}% 14
\BOOKMARK [2][-]{subsection.2.2.2}{\376\377\000O\000b\000j\000e\000t\000i\000v\000o\000s\000\040\000e\000s\000p\000e\000c\000\355\000f\000i\000c\000o\000s}{section.2.2}% 15
\BOOKMARK [1][-]{section.2.3}{\376\377\000U\000s\000u\000a\000r\000i\000o\000s\000\040\000i\000d\000e\000n\000t\000i\000f\000i\000c\000a\000d\000o\000s}{chapter.2}% 16
\BOOKMARK [1][-]{section.2.4}{\376\377\000P\000r\000o\000c\000e\000s\000o\000s\000\040\000i\000n\000v\000o\000l\000u\000c\000r\000a\000d\000o\000s}{chapter.2}% 17
\BOOKMARK [1][-]{section.2.5}{\376\377\000R\000e\000q\000u\000e\000r\000i\000m\000i\000e\000n\000t\000o\000s\000\040\000d\000e\000\040\000u\000s\000u\000a\000r\000i\000o}{chapter.2}% 18
\BOOKMARK [1][-]{section.2.6}{\376\377\000R\000e\000g\000l\000a\000s\000\040\000d\000e\000\040\000n\000e\000g\000o\000c\000i\000o}{chapter.2}% 19
\BOOKMARK [1][-]{section.2.7}{\376\377\000E\000s\000p\000e\000c\000i\000f\000i\000c\000a\000c\000i\000\363\000n\000\040\000d\000e\000\040\000p\000l\000a\000t\000a\000f\000o\000r\000m\000a}{chapter.2}% 20
\BOOKMARK [0][-]{chapter.3}{\376\377\000M\000o\000d\000e\000l\000o\000\040\000d\000e\000l\000\040\000N\000e\000g\000o\000c\000i\000o}{}% 21
\BOOKMARK [1][-]{section.3.1}{\376\377\000A\000c\000t\000o\000r\000e\000s\000\040\000d\000e\000l\000\040\000s\000i\000s\000t\000e\000m\000a}{chapter.3}% 22
\BOOKMARK [2][-]{subsection.3.1.1}{\376\377\000D\000i\000r\000e\000c\000t\000o\000r\000a}{section.3.1}% 23
\BOOKMARK [2][-]{subsection.3.1.2}{\376\377\000C\000o\000o\000r\000d\000i\000n\000a\000d\000o\000r\000a}{section.3.1}% 24
\BOOKMARK [2][-]{subsection.3.1.3}{\376\377\000T\000r\000a\000b\000a\000j\000a\000d\000o\000r\000\050\000a\000\051\000\040\000S\000o\000c\000i\000a\000l}{section.3.1}% 25
\BOOKMARK [2][-]{subsection.3.1.4}{\376\377\000A\000b\000o\000g\000a\000d\000o\000\050\000a\000\051}{section.3.1}% 26
\BOOKMARK [2][-]{subsection.3.1.5}{\376\377\000P\000s\000i\000c\000\363\000l\000o\000g\000o\000\050\000a\000\051}{section.3.1}% 27
\BOOKMARK [2][-]{subsection.3.1.6}{\376\377\000M\000\351\000d\000i\000c\000o\000\050\000a\000\051}{section.3.1}% 28
\BOOKMARK [1][-]{section.3.2}{\376\377\000T\000\351\000r\000m\000i\000n\000o\000s\000\040\000d\000e\000l\000\040\000N\000e\000g\000o\000c\000i\000o}{chapter.3}% 29
\BOOKMARK [1][-]{section.3.3}{\376\377\000M\000o\000d\000e\000l\000o\000\040\000d\000e\000l\000\040\000d\000o\000m\000i\000n\000i\000o\000\040\000d\000e\000l\000\040\000p\000r\000o\000b\000l\000e\000m\000a}{chapter.3}% 30
\BOOKMARK [2][-]{subsection.3.3.1}{\376\377\000E\000n\000t\000i\000d\000a\000d\000:\000\040\000C\000a\000t\000\137\000E\000s\000t\000a\000d\000o\000s}{section.3.3}% 31
\BOOKMARK [2][-]{subsection.3.3.2}{\376\377\000E\000n\000t\000i\000d\000a\000d\000:\000\040\000C\000a\000t\000\137\000M\000u\000n\000i\000c\000i\000p\000i\000o\000s}{section.3.3}% 32
\BOOKMARK [2][-]{subsection.3.3.3}{\376\377\000E\000n\000t\000i\000d\000a\000d\000:\000\040\000C\000a\000t\000\137\000C\000o\000l\000o\000n\000i\000a\000s}{section.3.3}% 33
\BOOKMARK [2][-]{subsection.3.3.4}{\376\377\000E\000n\000t\000i\000d\000a\000d\000:\000\040\000C\000a\000t\000\137\000T\000i\000p\000o\000\137\000L\000u\000g\000a\000r}{section.3.3}% 34
\BOOKMARK [2][-]{subsection.3.3.5}{\376\377\000E\000n\000t\000i\000d\000a\000d\000:\000\040\000C\000a\000t\000\137\000P\000l\000a\000t\000a\000f\000o\000r\000m\000a\000\137\000R\000e\000d\000\137\000S\000o\000c\000i\000a\000l}{section.3.3}% 35
\BOOKMARK [2][-]{subsection.3.3.6}{\376\377\000E\000n\000t\000i\000d\000a\000d\000:\000\040\000C\000a\000t\000\137\000R\000o\000l\000e\000s}{section.3.3}% 36
\BOOKMARK [2][-]{subsection.3.3.7}{\376\377\000E\000n\000t\000i\000d\000a\000d\000:\000\040\000C\000a\000t\000\137\000N\000a\000c\000i\000o\000n\000a\000l\000i\000d\000a\000d\000e\000s}{section.3.3}% 37
\BOOKMARK [2][-]{subsection.3.3.8}{\376\377\000E\000n\000t\000i\000d\000a\000d\000:\000\040\000C\000a\000t\000\137\000E\000s\000t\000a\000t\000u\000s\000\137\000E\000s\000c\000o\000l\000a\000r}{section.3.3}% 38
\BOOKMARK [2][-]{subsection.3.3.9}{\376\377\000E\000n\000t\000i\000d\000a\000d\000:\000\040\000C\000a\000t\000\137\000I\000d\000i\000o\000m\000a\000s}{section.3.3}% 39
\BOOKMARK [2][-]{subsection.3.3.10}{\376\377\000E\000n\000t\000i\000d\000a\000d\000:\000\040\000C\000a\000t\000\137\000N\000i\000v\000e\000l\000\137\000I\000d\000i\000o\000m\000a}{section.3.3}% 40
\BOOKMARK [2][-]{subsection.3.3.11}{\376\377\000E\000n\000t\000i\000d\000a\000d\000:\000\040\000C\000a\000t\000\137\000E\000n\000f\000e\000r\000m\000e\000d\000a\000d\000e\000s}{section.3.3}% 41
\BOOKMARK [2][-]{subsection.3.3.12}{\376\377\000E\000n\000t\000i\000d\000a\000d\000:\000\040\000C\000a\000t\000\137\000T\000r\000a\000t\000a\000m\000i\000e\000n\000t\000o\000s}{section.3.3}% 42
\BOOKMARK [2][-]{subsection.3.3.13}{\376\377\000E\000n\000t\000i\000d\000a\000d\000:\000\040\000C\000a\000t\000\137\000D\000i\000s\000c\000a\000p\000a\000c\000i\000d\000a\000d\000e\000s}{section.3.3}% 43
\BOOKMARK [2][-]{subsection.3.3.14}{\376\377\000E\000n\000t\000i\000d\000a\000d\000:\000\040\000C\000a\000t\000\137\000T\000i\000p\000o\000\137\000A\000c\000t\000o\000r}{section.3.3}% 44
\BOOKMARK [2][-]{subsection.3.3.15}{\376\377\000E\000n\000t\000i\000d\000a\000d\000:\000\040\000C\000a\000t\000\137\000C\000a\000t\000e\000g\000o\000r\000i\000a\000\137\000S\000e\000r\000v\000i\000c\000i\000o}{section.3.3}% 45
\BOOKMARK [2][-]{subsection.3.3.16}{\376\377\000E\000n\000t\000i\000d\000a\000d\000:\000\040\000C\000a\000t\000\137\000D\000e\000r\000e\000c\000h\000o\000\137\000L\000g\000d\000n\000n\000a}{section.3.3}% 46
\BOOKMARK [2][-]{subsection.3.3.17}{\376\377\000E\000n\000t\000i\000d\000a\000d\000:\000\040\000C\000a\000t\000\137\000T\000i\000p\000o\000\137\000T\000u\000t\000e\000l\000a}{section.3.3}% 47
\BOOKMARK [2][-]{subsection.3.3.18}{\376\377\000E\000n\000t\000i\000d\000a\000d\000:\000\040\000D\000i\000r\000e\000c\000c\000i\000o\000n\000e\000s}{section.3.3}% 48
\BOOKMARK [2][-]{subsection.3.3.19}{\376\377\000E\000n\000t\000i\000d\000a\000d\000:\000\040\000C\000o\000n\000t\000a\000c\000t\000o\000s}{section.3.3}% 49
\BOOKMARK [2][-]{subsection.3.3.20}{\376\377\000E\000n\000t\000i\000d\000a\000d\000:\000\040\000U\000s\000u\000a\000r\000i\000o\000s}{section.3.3}% 50
\BOOKMARK [2][-]{subsection.3.3.21}{\376\377\000E\000n\000t\000i\000d\000a\000d\000:\000\040\000E\000q\000u\000i\000p\000o\000s\000\137\000M\000u\000l\000t\000i\000d\000i\000s\000c\000i\000p\000l\000i\000n\000a\000r\000i\000o\000s}{section.3.3}% 51
\BOOKMARK [2][-]{subsection.3.3.22}{\376\377\000E\000n\000t\000i\000d\000a\000d\000:\000\040\000T\000u\000t\000o\000r\000e\000s}{section.3.3}% 52
\BOOKMARK [2][-]{subsection.3.3.23}{\376\377\000E\000n\000t\000i\000d\000a\000d\000:\000\040\000N\000n\000a}{section.3.3}% 53
\BOOKMARK [2][-]{subsection.3.3.24}{\376\377\000E\000n\000t\000i\000d\000a\000d\000:\000\040\000V\000i\000c\000t\000i\000m\000a\000\137\000D\000i\000r\000e\000c\000t\000a}{section.3.3}% 54
\BOOKMARK [2][-]{subsection.3.3.25}{\376\377\000E\000n\000t\000i\000d\000a\000d\000:\000\040\000A\000c\000t\000o\000r\000e\000s\000\137\000D\000e\000r\000e\000c\000h\000o\000s}{section.3.3}% 55
\BOOKMARK [2][-]{subsection.3.3.26}{\376\377\000E\000n\000t\000i\000d\000a\000d\000:\000\040\000A\000c\000t\000o\000r\000\137\000P\000e\000r\000s\000o\000n\000a\000\137\000F\000i\000s\000i\000c\000a}{section.3.3}% 56
\BOOKMARK [2][-]{subsection.3.3.27}{\376\377\000E\000n\000t\000i\000d\000a\000d\000:\000\040\000A\000c\000t\000o\000r\000\137\000E\000n\000l\000a\000c\000e}{section.3.3}% 57
\BOOKMARK [2][-]{subsection.3.3.28}{\376\377\000E\000n\000t\000i\000d\000a\000d\000:\000\040\000A\000c\000t\000o\000r\000\137\000P\000r\000o\000g\000r\000a\000m\000a}{section.3.3}% 58
\BOOKMARK [2][-]{subsection.3.3.29}{\376\377\000E\000n\000t\000i\000d\000a\000d\000:\000\040\000S\000e\000r\000v\000i\000c\000i\000o\000s\000\137\000A\000c\000t\000o\000r\000e\000s}{section.3.3}% 59
\BOOKMARK [2][-]{subsection.3.3.30}{\376\377\000E\000n\000t\000i\000d\000a\000d\000:\000\040\000H\000e\000c\000h\000o\000s\000\137\000V\000i\000c\000t\000i\000m\000a\000l\000e\000s}{section.3.3}% 60
\BOOKMARK [2][-]{subsection.3.3.31}{\376\377\000E\000n\000t\000i\000d\000a\000d\000:\000\040\000E\000x\000p\000e\000d\000i\000e\000n\000t\000e\000s}{section.3.3}% 61
\BOOKMARK [2][-]{subsection.3.3.32}{\376\377\000E\000n\000t\000i\000d\000a\000d\000:\000\040\000V\000a\000l\000o\000r\000a\000c\000i\000o\000n\000e\000s}{section.3.3}% 62
\BOOKMARK [2][-]{subsection.3.3.33}{\376\377\000E\000n\000t\000i\000d\000a\000d\000:\000\040\000D\000e\000r\000e\000c\000h\000o\000s\000\137\000V\000u\000l\000n\000e\000r\000a\000d\000o\000s}{section.3.3}% 63
\BOOKMARK [2][-]{subsection.3.3.34}{\376\377\000E\000n\000t\000i\000d\000a\000d\000:\000\040\000N\000n\000a\000\137\000T\000u\000t\000o\000r\000e\000s}{section.3.3}% 64
\BOOKMARK [2][-]{subsection.3.3.35}{\376\377\000E\000n\000t\000i\000d\000a\000d\000:\000\040\000I\000n\000t\000e\000g\000r\000a\000n\000t\000e\000s\000\137\000E\000q\000u\000i\000p\000o}{section.3.3}% 65
\BOOKMARK [2][-]{subsection.3.3.36}{\376\377\000E\000n\000t\000i\000d\000a\000d\000:\000\040\000P\000e\000r\000s\000o\000n\000a\000s\000\137\000E\000n\000f\000e\000r\000m\000e\000d\000a\000d\000e\000s}{section.3.3}% 66
\BOOKMARK [2][-]{subsection.3.3.37}{\376\377\000E\000n\000t\000i\000d\000a\000d\000:\000\040\000P\000e\000r\000s\000o\000n\000a\000s\000\137\000I\000d\000i\000o\000m\000a\000s}{section.3.3}% 67
\BOOKMARK [2][-]{subsection.3.3.38}{\376\377\000E\000n\000t\000i\000d\000a\000d\000:\000\040\000N\000n\000a\000\137\000D\000i\000s\000c\000a\000p\000a\000c\000i\000d\000a\000d\000e\000s}{section.3.3}% 68
\BOOKMARK [2][-]{subsection.3.3.39}{\376\377\000E\000n\000t\000i\000d\000a\000d\000:\000\040\000S\000e\000r\000v\000i\000c\000i\000o\000\137\000D\000e\000r\000e\000c\000h\000o}{section.3.3}% 69
\BOOKMARK [2][-]{subsection.3.3.40}{\376\377\000E\000n\000t\000i\000d\000a\000d\000:\000\040\000E\000x\000p\000e\000d\000i\000e\000n\000t\000e\000\137\000V\000i\000n\000c\000u\000l\000a\000c\000i\000o\000n\000\137\000S\000e\000r\000v\000i\000c\000i\000o\000s}{section.3.3}% 70
\BOOKMARK [0][-]{chapter.4}{\376\377\000M\000o\000d\000e\000l\000o\000\040\000d\000i\000n\000\341\000m\000i\000c\000o}{}% 71
\BOOKMARK [1][-]{section.4.1}{\376\377\000D\000e\000s\000c\000r\000i\000p\000c\000i\000\363\000n\000\040\000d\000e\000\040\000c\000a\000s\000o\000s\000\040\000d\000e\000\040\000u\000s\000o}{chapter.4}% 72
\BOOKMARK [1][-]{section.4.2}{\376\377\000C\000U\000-\0000\0001\000\040\000I\000n\000i\000c\000i\000a\000r\000\040\000s\000e\000s\000i\000\363\000n}{chapter.4}% 73
\BOOKMARK [2][-]{subsection.4.2.1}{\376\377\000D\000e\000s\000c\000r\000i\000p\000c\000i\000\363\000n\000\040\000c\000o\000m\000p\000l\000e\000t\000a}{section.4.2}% 74
\BOOKMARK [2][-]{subsection.4.2.2}{\376\377\000A\000t\000r\000i\000b\000u\000t\000o\000s\000\040\000i\000m\000p\000o\000r\000t\000a\000n\000t\000e\000s}{section.4.2}% 75
\BOOKMARK [2][-]{subsection.4.2.3}{\376\377\000T\000r\000a\000y\000e\000c\000t\000o\000r\000i\000a\000s\000\040\000d\000e\000l\000\040\000C\000a\000s\000o\000\040\000d\000e\000\040\000U\000s\000o}{section.4.2}% 76
\BOOKMARK [1][-]{section.4.3}{\376\377\000C\000U\000-\0000\0002\000\040\000C\000e\000r\000r\000a\000r\000\040\000s\000e\000s\000i\000\363\000n}{chapter.4}% 77
\BOOKMARK [2][-]{subsection.4.3.1}{\376\377\000D\000e\000s\000c\000r\000i\000p\000c\000i\000\363\000n\000\040\000c\000o\000m\000p\000l\000e\000t\000a}{section.4.3}% 78
\BOOKMARK [2][-]{subsection.4.3.2}{\376\377\000A\000t\000r\000i\000b\000u\000t\000o\000s\000\040\000i\000m\000p\000o\000r\000t\000a\000n\000t\000e\000s}{section.4.3}% 79
\BOOKMARK [2][-]{subsection.4.3.3}{\376\377\000T\000r\000a\000y\000e\000c\000t\000o\000r\000i\000a\000s\000\040\000d\000e\000l\000\040\000C\000a\000s\000o\000\040\000d\000e\000\040\000U\000s\000o}{section.4.3}% 80
\BOOKMARK [1][-]{section.4.4}{\376\377\000C\000U\000-\0000\0004\000\040\000R\000e\000g\000i\000s\000t\000r\000a\000r\000\040\000u\000s\000u\000a\000r\000i\000o}{chapter.4}% 81
\BOOKMARK [2][-]{subsection.4.4.1}{\376\377\000D\000e\000s\000c\000r\000i\000p\000c\000i\000\363\000n\000\040\000c\000o\000m\000p\000l\000e\000t\000a}{section.4.4}% 82
\BOOKMARK [2][-]{subsection.4.4.2}{\376\377\000A\000t\000r\000i\000b\000u\000t\000o\000s\000\040\000i\000m\000p\000o\000r\000t\000a\000n\000t\000e\000s}{section.4.4}% 83
\BOOKMARK [2][-]{subsection.4.4.3}{\376\377\000T\000r\000a\000y\000e\000c\000t\000o\000r\000i\000a\000s\000\040\000d\000e\000l\000\040\000C\000a\000s\000o\000\040\000d\000e\000\040\000U\000s\000o}{section.4.4}% 84
\BOOKMARK [1][-]{section.4.5}{\376\377\000C\000U\000-\0000\0005\000\040\000C\000o\000n\000s\000u\000l\000t\000a\000r\000\040\000u\000s\000u\000a\000r\000i\000o}{chapter.4}% 85
\BOOKMARK [2][-]{subsection.4.5.1}{\376\377\000D\000e\000s\000c\000r\000i\000p\000c\000i\000\363\000n\000\040\000c\000o\000m\000p\000l\000e\000t\000a}{section.4.5}% 86
\BOOKMARK [2][-]{subsection.4.5.2}{\376\377\000A\000t\000r\000i\000b\000u\000t\000o\000s\000\040\000i\000m\000p\000o\000r\000t\000a\000n\000t\000e\000s}{section.4.5}% 87
\BOOKMARK [2][-]{subsection.4.5.3}{\376\377\000T\000r\000a\000y\000e\000c\000t\000o\000r\000i\000a\000s\000\040\000d\000e\000l\000\040\000C\000a\000s\000o\000\040\000d\000e\000\040\000U\000s\000o}{section.4.5}% 88
\BOOKMARK [1][-]{section.4.6}{\376\377\000C\000U\000-\0000\0006\000\040\000M\000o\000d\000i\000f\000i\000c\000a\000r\000\040\000u\000s\000u\000a\000r\000i\000o}{chapter.4}% 89
\BOOKMARK [2][-]{subsection.4.6.1}{\376\377\000D\000e\000s\000c\000r\000i\000p\000c\000i\000\363\000n\000\040\000c\000o\000m\000p\000l\000e\000t\000a}{section.4.6}% 90
\BOOKMARK [2][-]{subsection.4.6.2}{\376\377\000A\000t\000r\000i\000b\000u\000t\000o\000s\000\040\000i\000m\000p\000o\000r\000t\000a\000n\000t\000e\000s}{section.4.6}% 91
\BOOKMARK [2][-]{subsection.4.6.3}{\376\377\000T\000r\000a\000y\000e\000c\000t\000o\000r\000i\000a\000s\000\040\000d\000e\000l\000\040\000C\000a\000s\000o\000\040\000d\000e\000\040\000U\000s\000o}{section.4.6}% 92
\BOOKMARK [1][-]{section.4.7}{\376\377\000C\000U\000-\0000\0007\000\040\000R\000e\000v\000o\000c\000a\000r\000\040\000a\000c\000c\000e\000s\000o\000\040\000a\000\040\000u\000s\000u\000a\000r\000i\000o}{chapter.4}% 93
\BOOKMARK [2][-]{subsection.4.7.1}{\376\377\000D\000e\000s\000c\000r\000i\000p\000c\000i\000\363\000n\000\040\000c\000o\000m\000p\000l\000e\000t\000a}{section.4.7}% 94
\BOOKMARK [2][-]{subsection.4.7.2}{\376\377\000A\000t\000r\000i\000b\000u\000t\000o\000s\000\040\000i\000m\000p\000o\000r\000t\000a\000n\000t\000e\000s}{section.4.7}% 95
\BOOKMARK [2][-]{subsection.4.7.3}{\376\377\000T\000r\000a\000y\000e\000c\000t\000o\000r\000i\000a\000s\000\040\000d\000e\000l\000\040\000C\000a\000s\000o\000\040\000d\000e\000\040\000U\000s\000o}{section.4.7}% 96
\BOOKMARK [1][-]{section.4.8}{\376\377\000C\000U\000-\0000\0008\000\040\000E\000l\000i\000m\000i\000n\000a\000r\000\040\000u\000s\000u\000a\000r\000i\000o}{chapter.4}% 97
\BOOKMARK [2][-]{subsection.4.8.1}{\376\377\000D\000e\000s\000c\000r\000i\000p\000c\000i\000\363\000n\000\040\000c\000o\000m\000p\000l\000e\000t\000a}{section.4.8}% 98
\BOOKMARK [2][-]{subsection.4.8.2}{\376\377\000A\000t\000r\000i\000b\000u\000t\000o\000s\000\040\000i\000m\000p\000o\000r\000t\000a\000n\000t\000e\000s}{section.4.8}% 99
\BOOKMARK [2][-]{subsection.4.8.3}{\376\377\000T\000r\000a\000y\000e\000c\000t\000o\000r\000i\000a\000s\000\040\000d\000e\000l\000\040\000C\000a\000s\000o\000\040\000d\000e\000\040\000U\000s\000o}{section.4.8}% 100
\BOOKMARK [1][-]{section.4.9}{\376\377\000C\000U\000-\0000\0009\000\040\000R\000e\000g\000i\000s\000t\000r\000a\000r\000\040\000e\000q\000u\000i\000p\000o\000\040\000m\000u\000l\000t\000i\000d\000i\000s\000c\000i\000p\000l\000i\000n\000a\000r\000i\000o}{chapter.4}% 101
\BOOKMARK [2][-]{subsection.4.9.1}{\376\377\000D\000e\000s\000c\000r\000i\000p\000c\000i\000\363\000n\000\040\000c\000o\000m\000p\000l\000e\000t\000a}{section.4.9}% 102
\BOOKMARK [2][-]{subsection.4.9.2}{\376\377\000A\000t\000r\000i\000b\000u\000t\000o\000s\000\040\000i\000m\000p\000o\000r\000t\000a\000n\000t\000e\000s}{section.4.9}% 103
\BOOKMARK [2][-]{subsection.4.9.3}{\376\377\000T\000r\000a\000y\000e\000c\000t\000o\000r\000i\000a\000s\000\040\000d\000e\000l\000\040\000C\000a\000s\000o\000\040\000d\000e\000\040\000U\000s\000o}{section.4.9}% 104
\BOOKMARK [1][-]{section.4.10}{\376\377\000C\000U\000-\0001\0000\000\040\000C\000o\000n\000s\000u\000l\000t\000a\000r\000\040\000e\000q\000u\000i\000p\000o\000\040\000m\000u\000l\000t\000i\000d\000i\000s\000c\000i\000p\000l\000i\000n\000a\000r\000i\000o}{chapter.4}% 105
\BOOKMARK [2][-]{subsection.4.10.1}{\376\377\000D\000e\000s\000c\000r\000i\000p\000c\000i\000\363\000n\000\040\000c\000o\000m\000p\000l\000e\000t\000a}{section.4.10}% 106
\BOOKMARK [2][-]{subsection.4.10.2}{\376\377\000A\000t\000r\000i\000b\000u\000t\000o\000s\000\040\000i\000m\000p\000o\000r\000t\000a\000n\000t\000e\000s}{section.4.10}% 107
\BOOKMARK [2][-]{subsection.4.10.3}{\376\377\000T\000r\000a\000y\000e\000c\000t\000o\000r\000i\000a\000s\000\040\000d\000e\000l\000\040\000C\000a\000s\000o\000\040\000d\000e\000\040\000U\000s\000o}{section.4.10}% 108
\BOOKMARK [1][-]{section.4.11}{\376\377\000C\000U\000-\0001\0001\000\040\000M\000o\000d\000i\000f\000i\000c\000a\000r\000\040\000e\000q\000u\000i\000p\000o\000\040\000m\000u\000l\000t\000i\000d\000i\000s\000c\000i\000p\000l\000i\000n\000a\000r\000i\000o}{chapter.4}% 109
\BOOKMARK [2][-]{subsection.4.11.1}{\376\377\000D\000e\000s\000c\000r\000i\000p\000c\000i\000\363\000n\000\040\000c\000o\000m\000p\000l\000e\000t\000a}{section.4.11}% 110
\BOOKMARK [2][-]{subsection.4.11.2}{\376\377\000A\000t\000r\000i\000b\000u\000t\000o\000s\000\040\000i\000m\000p\000o\000r\000t\000a\000n\000t\000e\000s}{section.4.11}% 111
\BOOKMARK [2][-]{subsection.4.11.3}{\376\377\000T\000r\000a\000y\000e\000c\000t\000o\000r\000i\000a\000s\000\040\000d\000e\000l\000\040\000C\000a\000s\000o\000\040\000d\000e\000\040\000U\000s\000o}{section.4.11}% 112
\BOOKMARK [1][-]{section.4.12}{\376\377\000C\000U\000-\0001\0002\000\040\000A\000s\000i\000g\000n\000a\000r\000\040\000N\000N\000A\000\040\000a\000\040\000e\000q\000u\000i\000p\000o\000\040\000m\000u\000l\000t\000i\000d\000i\000s\000c\000i\000p\000l\000i\000n\000a\000r\000i\000o}{chapter.4}% 113
\BOOKMARK [2][-]{subsection.4.12.1}{\376\377\000D\000e\000s\000c\000r\000i\000p\000c\000i\000\363\000n\000\040\000c\000o\000m\000p\000l\000e\000t\000a}{section.4.12}% 114
\BOOKMARK [2][-]{subsection.4.12.2}{\376\377\000A\000t\000r\000i\000b\000u\000t\000o\000s\000\040\000i\000m\000p\000o\000r\000t\000a\000n\000t\000e\000s}{section.4.12}% 115
\BOOKMARK [2][-]{subsection.4.12.3}{\376\377\000T\000r\000a\000y\000e\000c\000t\000o\000r\000i\000a\000s\000\040\000d\000e\000l\000\040\000C\000a\000s\000o\000\040\000d\000e\000\040\000U\000s\000o}{section.4.12}% 116
\BOOKMARK [1][-]{section.4.13}{\376\377\000C\000U\000-\0001\0003\000\040\000R\000e\000g\000i\000s\000t\000r\000a\000r\000\040\000N\000N\000A}{chapter.4}% 117
\BOOKMARK [2][-]{subsection.4.13.1}{\376\377\000D\000e\000s\000c\000r\000i\000p\000c\000i\000\363\000n\000\040\000c\000o\000m\000p\000l\000e\000t\000a}{section.4.13}% 118
\BOOKMARK [2][-]{subsection.4.13.2}{\376\377\000A\000t\000r\000i\000b\000u\000t\000o\000s\000\040\000i\000m\000p\000o\000r\000t\000a\000n\000t\000e\000s}{section.4.13}% 119
\BOOKMARK [2][-]{subsection.4.13.3}{\376\377\000T\000r\000a\000y\000e\000c\000t\000o\000r\000i\000a\000s\000\040\000d\000e\000l\000\040\000C\000a\000s\000o\000\040\000d\000e\000\040\000U\000s\000o}{section.4.13}% 120
\BOOKMARK [1][-]{section.4.14}{\376\377\000C\000U\000-\0001\0004\000\040\000C\000o\000n\000s\000u\000l\000t\000a\000r\000\040\000N\000N\000A}{chapter.4}% 121
\BOOKMARK [2][-]{subsection.4.14.1}{\376\377\000D\000e\000s\000c\000r\000i\000p\000c\000i\000\363\000n\000\040\000c\000o\000m\000p\000l\000e\000t\000a}{section.4.14}% 122
\BOOKMARK [2][-]{subsection.4.14.2}{\376\377\000A\000t\000r\000i\000b\000u\000t\000o\000s\000\040\000i\000m\000p\000o\000r\000t\000a\000n\000t\000e\000s}{section.4.14}% 123
\BOOKMARK [2][-]{subsection.4.14.3}{\376\377\000T\000r\000a\000y\000e\000c\000t\000o\000r\000i\000a\000s\000\040\000d\000e\000l\000\040\000C\000a\000s\000o\000\040\000d\000e\000\040\000U\000s\000o}{section.4.14}% 124
\BOOKMARK [1][-]{section.4.15}{\376\377\000C\000U\000-\0001\0005\000\040\000M\000o\000d\000i\000f\000i\000c\000a\000r\000\040\000d\000a\000t\000o\000s\000\040\000d\000e\000l\000\040\000N\000N\000A}{chapter.4}% 125
\BOOKMARK [2][-]{subsection.4.15.1}{\376\377\000D\000e\000s\000c\000r\000i\000p\000c\000i\000\363\000n\000\040\000c\000o\000m\000p\000l\000e\000t\000a}{section.4.15}% 126
\BOOKMARK [2][-]{subsection.4.15.2}{\376\377\000A\000t\000r\000i\000b\000u\000t\000o\000s\000\040\000i\000m\000p\000o\000r\000t\000a\000n\000t\000e\000s}{section.4.15}% 127
\BOOKMARK [2][-]{subsection.4.15.3}{\376\377\000T\000r\000a\000y\000e\000c\000t\000o\000r\000i\000a\000s\000\040\000d\000e\000l\000\040\000C\000a\000s\000o\000\040\000d\000e\000\040\000U\000s\000o}{section.4.15}% 128
\BOOKMARK [1][-]{section.4.16}{\376\377\000C\000U\000-\0001\0008\000\040\000R\000e\000g\000i\000s\000t\000r\000a\000r\000\040\000t\000u\000t\000o\000r\000\040\000d\000e\000l\000\040\000N\000N\000A}{chapter.4}% 129
\BOOKMARK [2][-]{subsection.4.16.1}{\376\377\000D\000e\000s\000c\000r\000i\000p\000c\000i\000\363\000n\000\040\000c\000o\000m\000p\000l\000e\000t\000a}{section.4.16}% 130
\BOOKMARK [2][-]{subsection.4.16.2}{\376\377\000A\000t\000r\000i\000b\000u\000t\000o\000s\000\040\000i\000m\000p\000o\000r\000t\000a\000n\000t\000e\000s}{section.4.16}% 131
\BOOKMARK [2][-]{subsection.4.16.3}{\376\377\000T\000r\000a\000y\000e\000c\000t\000o\000r\000i\000a\000s\000\040\000d\000e\000l\000\040\000C\000a\000s\000o\000\040\000d\000e\000\040\000U\000s\000o}{section.4.16}% 132
\BOOKMARK [1][-]{section.4.17}{\376\377\000C\000U\000-\0001\0009\000\040\000M\000o\000d\000i\000f\000i\000c\000a\000r\000\040\000d\000a\000t\000o\000s\000\040\000d\000e\000l\000\040\000t\000u\000t\000o\000r}{chapter.4}% 133
\BOOKMARK [2][-]{subsection.4.17.1}{\376\377\000D\000e\000s\000c\000r\000i\000p\000c\000i\000\363\000n\000\040\000c\000o\000m\000p\000l\000e\000t\000a}{section.4.17}% 134
\BOOKMARK [2][-]{subsection.4.17.2}{\376\377\000A\000t\000r\000i\000b\000u\000t\000o\000s\000\040\000i\000m\000p\000o\000r\000t\000a\000n\000t\000e\000s}{section.4.17}% 135
\BOOKMARK [2][-]{subsection.4.17.3}{\376\377\000T\000r\000a\000y\000e\000c\000t\000o\000r\000i\000a\000s\000\040\000d\000e\000l\000\040\000C\000a\000s\000o\000\040\000d\000e\000\040\000U\000s\000o}{section.4.17}% 136
\BOOKMARK [1][-]{section.4.18}{\376\377\000C\000U\000-\0003\0002\000\040\000C\000o\000n\000s\000u\000l\000t\000a\000r\000\040\000c\000a\000t\000\341\000l\000o\000g\000o\000\040\000d\000e\000\040\000d\000o\000m\000i\000c\000i\000l\000i\000o\000s\000\040\000\050\000S\000E\000P\000O\000M\000E\000X\000\051}{chapter.4}% 137
\BOOKMARK [2][-]{subsection.4.18.1}{\376\377\000D\000e\000s\000c\000r\000i\000p\000c\000i\000\363\000n\000\040\000c\000o\000m\000p\000l\000e\000t\000a}{section.4.18}% 138
\BOOKMARK [2][-]{subsection.4.18.2}{\376\377\000A\000t\000r\000i\000b\000u\000t\000o\000s\000\040\000i\000m\000p\000o\000r\000t\000a\000n\000t\000e\000s}{section.4.18}% 139
\BOOKMARK [2][-]{subsection.4.18.3}{\376\377\000T\000r\000a\000y\000e\000c\000t\000o\000r\000i\000a\000s\000\040\000d\000e\000l\000\040\000C\000a\000s\000o\000\040\000d\000e\000\040\000U\000s\000o}{section.4.18}% 140
\BOOKMARK [1][-]{section.4.19}{\376\377\000C\000U\000-\0003\0003\000\040\000C\000o\000n\000s\000u\000l\000t\000a\000r\000\040\000c\000a\000t\000\341\000l\000o\000g\000o\000\040\000d\000e\000\040\000i\000d\000i\000o\000m\000a\000s\000\040\000\050\000I\000N\000A\000L\000I\000\051}{chapter.4}% 141
\BOOKMARK [2][-]{subsection.4.19.1}{\376\377\000D\000e\000s\000c\000r\000i\000p\000c\000i\000\363\000n\000\040\000c\000o\000m\000p\000l\000e\000t\000a}{section.4.19}% 142
\BOOKMARK [2][-]{subsection.4.19.2}{\376\377\000A\000t\000r\000i\000b\000u\000t\000o\000s\000\040\000i\000m\000p\000o\000r\000t\000a\000n\000t\000e\000s}{section.4.19}% 143
\BOOKMARK [2][-]{subsection.4.19.3}{\376\377\000T\000r\000a\000y\000e\000c\000t\000o\000r\000i\000a\000s\000\040\000d\000e\000l\000\040\000C\000a\000s\000o\000\040\000d\000e\000\040\000U\000s\000o}{section.4.19}% 144
\BOOKMARK [1][-]{section.4.20}{\376\377\000C\000U\000-\0003\0004\000\040\000R\000e\000g\000i\000s\000t\000r\000a\000r\000\040\000d\000i\000s\000c\000a\000p\000a\000c\000i\000d\000a\000d\000\040\000d\000e\000\040\000N\000N\000A\000\040\000o\000\040\000t\000u\000t\000o\000r}{chapter.4}% 145
\BOOKMARK [2][-]{subsection.4.20.1}{\376\377\000D\000e\000s\000c\000r\000i\000p\000c\000i\000\363\000n\000\040\000c\000o\000m\000p\000l\000e\000t\000a}{section.4.20}% 146
\BOOKMARK [2][-]{subsection.4.20.2}{\376\377\000A\000t\000r\000i\000b\000u\000t\000o\000s\000\040\000i\000m\000p\000o\000r\000t\000a\000n\000t\000e\000s}{section.4.20}% 147
\BOOKMARK [2][-]{subsection.4.20.3}{\376\377\000T\000r\000a\000y\000e\000c\000t\000o\000r\000i\000a\000s\000\040\000d\000e\000l\000\040\000C\000a\000s\000o\000\040\000d\000e\000\040\000U\000s\000o}{section.4.20}% 148
\BOOKMARK [1][-]{section.4.21}{\376\377\000C\000U\000-\0003\0006\000\040\000R\000e\000g\000i\000s\000t\000r\000a\000r\000\040\000e\000n\000f\000e\000r\000m\000e\000d\000a\000d\000\040\000d\000e\000\040\000N\000N\000A\000\040\000o\000\040\000t\000u\000t\000o\000r}{chapter.4}% 149
\BOOKMARK [2][-]{subsection.4.21.1}{\376\377\000D\000e\000s\000c\000r\000i\000p\000c\000i\000\363\000n\000\040\000c\000o\000m\000p\000l\000e\000t\000a}{section.4.21}% 150
\BOOKMARK [2][-]{subsection.4.21.2}{\376\377\000A\000t\000r\000i\000b\000u\000t\000o\000s\000\040\000i\000m\000p\000o\000r\000t\000a\000n\000t\000e\000s}{section.4.21}% 151
\BOOKMARK [2][-]{subsection.4.21.3}{\376\377\000T\000r\000a\000y\000e\000c\000t\000o\000r\000i\000a\000s\000\040\000d\000e\000l\000\040\000C\000a\000s\000o\000\040\000d\000e\000\040\000U\000s\000o}{section.4.21}% 152
\BOOKMARK [0][-]{chapter.5}{\376\377\000M\000o\000d\000e\000l\000o\000\040\000d\000e\000\040\000l\000a\000\040\000i\000n\000t\000e\000r\000a\000c\000c\000i\000\363\000n}{}% 153
\BOOKMARK [1][-]{section.5.1}{\376\377\000M\000o\000d\000e\000l\000o\000\040\000d\000e\000\040\000n\000a\000v\000e\000g\000a\000c\000i\000\363\000n}{chapter.5}% 154
\BOOKMARK [1][-]{section.5.2}{\376\377\000I\000U\0000\0001\000\040\000P\000a\000n\000t\000a\000l\000l\000a\000\040\000d\000e\000\040\000I\000n\000i\000c\000i\000o\000\040\000d\000e\000\040\000S\000e\000s\000i\000\363\000n}{chapter.5}% 155
\BOOKMARK [2][-]{subsection.5.2.1}{\376\377\000O\000b\000j\000e\000t\000i\000v\000o}{section.5.2}% 156
\BOOKMARK [2][-]{subsection.5.2.2}{\376\377\000D\000i\000s\000e\000\361\000o}{section.5.2}% 157
\BOOKMARK [2][-]{subsection.5.2.3}{\376\377\000S\000a\000l\000i\000d\000a\000s}{section.5.2}% 158
\BOOKMARK [2][-]{subsection.5.2.4}{\376\377\000E\000n\000t\000r\000a\000d\000a\000s}{section.5.2}% 159
\BOOKMARK [2][-]{subsection.5.2.5}{\376\377\000C\000o\000m\000a\000n\000d\000o\000s}{section.5.2}% 160
\BOOKMARK [1][-]{section.5.3}{\376\377\000I\000U\0000\0002\000\040\000P\000a\000n\000t\000a\000l\000l\000a\000\040\000d\000e\000l\000\040\000P\000a\000n\000e\000l\000\040\000d\000e\000\040\000A\000d\000m\000i\000n\000i\000s\000t\000r\000a\000d\000o\000r}{chapter.5}% 161
\BOOKMARK [2][-]{subsection.5.3.1}{\376\377\000O\000b\000j\000e\000t\000i\000v\000o}{section.5.3}% 162
\BOOKMARK [2][-]{subsection.5.3.2}{\376\377\000D\000i\000s\000e\000\361\000o}{section.5.3}% 163
\BOOKMARK [2][-]{subsection.5.3.3}{\376\377\000S\000a\000l\000i\000d\000a\000s}{section.5.3}% 164
\BOOKMARK [2][-]{subsection.5.3.4}{\376\377\000E\000n\000t\000r\000a\000d\000a\000s}{section.5.3}% 165
\BOOKMARK [2][-]{subsection.5.3.5}{\376\377\000C\000o\000m\000a\000n\000d\000o\000s}{section.5.3}% 166
\BOOKMARK [1][-]{section.5.4}{\376\377\000I\000U\0000\0003\000\040\000P\000a\000n\000t\000a\000l\000l\000a\000\040\000d\000e\000\040\000C\000o\000n\000s\000u\000l\000t\000a\000\040\000d\000e\000\040\000U\000s\000u\000a\000r\000i\000o\000s}{chapter.5}% 167
\BOOKMARK [2][-]{subsection.5.4.1}{\376\377\000O\000b\000j\000e\000t\000i\000v\000o}{section.5.4}% 168
\BOOKMARK [2][-]{subsection.5.4.2}{\376\377\000D\000i\000s\000e\000\361\000o}{section.5.4}% 169
\BOOKMARK [2][-]{subsection.5.4.3}{\376\377\000S\000a\000l\000i\000d\000a\000s}{section.5.4}% 170
\BOOKMARK [2][-]{subsection.5.4.4}{\376\377\000E\000n\000t\000r\000a\000d\000a\000s}{section.5.4}% 171
\BOOKMARK [2][-]{subsection.5.4.5}{\376\377\000C\000o\000m\000a\000n\000d\000o\000s}{section.5.4}% 172
\BOOKMARK [1][-]{section.5.5}{\376\377\000I\000U\0000\0004\000\040\000P\000a\000n\000t\000a\000l\000l\000a\000\040\000d\000e\000\040\000R\000e\000g\000i\000s\000t\000r\000o\000\040\000d\000e\000\040\000P\000e\000r\000s\000o\000n\000a\000l}{chapter.5}% 173
\BOOKMARK [2][-]{subsection.5.5.1}{\376\377\000O\000b\000j\000e\000t\000i\000v\000o}{section.5.5}% 174
\BOOKMARK [2][-]{subsection.5.5.2}{\376\377\000D\000i\000s\000e\000\361\000o}{section.5.5}% 175
\BOOKMARK [2][-]{subsection.5.5.3}{\376\377\000S\000a\000l\000i\000d\000a\000s}{section.5.5}% 176
\BOOKMARK [2][-]{subsection.5.5.4}{\376\377\000E\000n\000t\000r\000a\000d\000a\000s}{section.5.5}% 177
\BOOKMARK [2][-]{subsection.5.5.5}{\376\377\000C\000o\000m\000a\000n\000d\000o\000s}{section.5.5}% 178
\BOOKMARK [1][-]{section.5.6}{\376\377\000I\000U\0000\0005\000\040\000P\000a\000n\000t\000a\000l\000l\000a\000\040\000d\000e\000\040\000M\000o\000d\000i\000f\000i\000c\000a\000c\000i\000\363\000n\000\040\000d\000e\000\040\000U\000s\000u\000a\000r\000i\000o}{chapter.5}% 179
\BOOKMARK [2][-]{subsection.5.6.1}{\376\377\000O\000b\000j\000e\000t\000i\000v\000o}{section.5.6}% 180
\BOOKMARK [2][-]{subsection.5.6.2}{\376\377\000D\000i\000s\000e\000\361\000o}{section.5.6}% 181
\BOOKMARK [2][-]{subsection.5.6.3}{\376\377\000S\000a\000l\000i\000d\000a\000s}{section.5.6}% 182
\BOOKMARK [2][-]{subsection.5.6.4}{\376\377\000E\000n\000t\000r\000a\000d\000a\000s}{section.5.6}% 183
\BOOKMARK [2][-]{subsection.5.6.5}{\376\377\000C\000o\000m\000a\000n\000d\000o\000s}{section.5.6}% 184
\BOOKMARK [1][-]{section.5.7}{\376\377\000I\000U\0000\0006\000\040\000P\000a\000n\000t\000a\000l\000l\000a\000\040\000d\000e\000\040\000C\000o\000n\000s\000u\000l\000t\000a\000\040\000d\000e\000\040\000U\000s\000u\000a\000r\000i\000o}{chapter.5}% 185
\BOOKMARK [2][-]{subsection.5.7.1}{\376\377\000O\000b\000j\000e\000t\000i\000v\000o}{section.5.7}% 186
\BOOKMARK [2][-]{subsection.5.7.2}{\376\377\000D\000i\000s\000e\000\361\000o}{section.5.7}% 187
\BOOKMARK [2][-]{subsection.5.7.3}{\376\377\000S\000a\000l\000i\000d\000a\000s}{section.5.7}% 188
\BOOKMARK [2][-]{subsection.5.7.4}{\376\377\000E\000n\000t\000r\000a\000d\000a\000s}{section.5.7}% 189
\BOOKMARK [2][-]{subsection.5.7.5}{\376\377\000C\000o\000m\000a\000n\000d\000o\000s}{section.5.7}% 190
\BOOKMARK [1][-]{section.5.8}{\376\377\000I\000U\0000\0007\000\040\000P\000a\000n\000t\000a\000l\000l\000a\000\040\000d\000e\000\040\000C\000o\000n\000s\000u\000l\000t\000a\000\040\000d\000e\000\040\000E\000q\000u\000i\000p\000o\000s\000\040\000M\000u\000l\000t\000i\000d\000i\000s\000c\000i\000p\000l\000i\000n\000a\000r\000i\000o\000s}{chapter.5}% 191
\BOOKMARK [2][-]{subsection.5.8.1}{\376\377\000O\000b\000j\000e\000t\000i\000v\000o}{section.5.8}% 192
\BOOKMARK [2][-]{subsection.5.8.2}{\376\377\000D\000i\000s\000e\000\361\000o}{section.5.8}% 193
\BOOKMARK [2][-]{subsection.5.8.3}{\376\377\000S\000a\000l\000i\000d\000a\000s}{section.5.8}% 194
\BOOKMARK [2][-]{subsection.5.8.4}{\376\377\000E\000n\000t\000r\000a\000d\000a\000s}{section.5.8}% 195
\BOOKMARK [2][-]{subsection.5.8.5}{\376\377\000C\000o\000m\000a\000n\000d\000o\000s}{section.5.8}% 196
\BOOKMARK [1][-]{section.5.9}{\376\377\000I\000U\0000\0008\000\040\000P\000a\000n\000t\000a\000l\000l\000a\000\040\000d\000e\000\040\000R\000e\000g\000i\000s\000t\000r\000o\000\040\000d\000e\000\040\000E\000q\000u\000i\000p\000o}{chapter.5}% 197
\BOOKMARK [2][-]{subsection.5.9.1}{\376\377\000O\000b\000j\000e\000t\000i\000v\000o}{section.5.9}% 198
\BOOKMARK [2][-]{subsection.5.9.2}{\376\377\000D\000i\000s\000e\000\361\000o}{section.5.9}% 199
\BOOKMARK [2][-]{subsection.5.9.3}{\376\377\000S\000a\000l\000i\000d\000a\000s}{section.5.9}% 200
\BOOKMARK [2][-]{subsection.5.9.4}{\376\377\000E\000n\000t\000r\000a\000d\000a\000s}{section.5.9}% 201
\BOOKMARK [2][-]{subsection.5.9.5}{\376\377\000C\000o\000m\000a\000n\000d\000o\000s}{section.5.9}% 202
\BOOKMARK [1][-]{section.5.10}{\376\377\000I\000U\0000\0009\000\040\000P\000a\000n\000t\000a\000l\000l\000a\000\040\000d\000e\000\040\000A\000\361\000a\000d\000i\000r\000\040\000I\000n\000t\000e\000g\000r\000a\000n\000t\000e\000s\000\040\000a\000\040\000E\000q\000u\000i\000p\000o}{chapter.5}% 203
\BOOKMARK [2][-]{subsection.5.10.1}{\376\377\000O\000b\000j\000e\000t\000i\000v\000o}{section.5.10}% 204
\BOOKMARK [2][-]{subsection.5.10.2}{\376\377\000D\000i\000s\000e\000\361\000o}{section.5.10}% 205
\BOOKMARK [2][-]{subsection.5.10.3}{\376\377\000S\000a\000l\000i\000d\000a\000s}{section.5.10}% 206
\BOOKMARK [2][-]{subsection.5.10.4}{\376\377\000E\000n\000t\000r\000a\000d\000a\000s}{section.5.10}% 207
\BOOKMARK [2][-]{subsection.5.10.5}{\376\377\000C\000o\000m\000a\000n\000d\000o\000s}{section.5.10}% 208
\BOOKMARK [2][-]{subsection.5.10.6}{\376\377\000O\000b\000j\000e\000t\000i\000v\000o}{section.5.10}% 209
\BOOKMARK [2][-]{subsection.5.10.7}{\376\377\000D\000i\000s\000e\000\361\000o}{section.5.10}% 210
\BOOKMARK [2][-]{subsection.5.10.8}{\376\377\000S\000a\000l\000i\000d\000a\000s}{section.5.10}% 211
\BOOKMARK [2][-]{subsection.5.10.9}{\376\377\000E\000n\000t\000r\000a\000d\000a\000s}{section.5.10}% 212
\BOOKMARK [2][-]{subsection.5.10.10}{\376\377\000C\000o\000m\000a\000n\000d\000o\000s}{section.5.10}% 213
\BOOKMARK [1][-]{section.5.11}{\376\377\000I\000U\0001\0001\000\040\000P\000a\000n\000t\000a\000l\000l\000a\000\040\000d\000e\000\040\000C\000o\000n\000s\000u\000l\000t\000a\000\040\000d\000e\000\040\000N\000N\000A\000s\000\040\000y\000\040\000T\000u\000t\000o\000r\000e\000s}{chapter.5}% 214
\BOOKMARK [2][-]{subsection.5.11.1}{\376\377\000O\000b\000j\000e\000t\000i\000v\000o}{section.5.11}% 215
\BOOKMARK [2][-]{subsection.5.11.2}{\376\377\000D\000i\000s\000e\000\361\000o}{section.5.11}% 216
\BOOKMARK [2][-]{subsection.5.11.3}{\376\377\000S\000a\000l\000i\000d\000a\000s}{section.5.11}% 217
\BOOKMARK [2][-]{subsection.5.11.4}{\376\377\000E\000n\000t\000r\000a\000d\000a\000s}{section.5.11}% 218
\BOOKMARK [2][-]{subsection.5.11.5}{\376\377\000C\000o\000m\000a\000n\000d\000o\000s}{section.5.11}% 219
\BOOKMARK [1][-]{section.5.12}{\376\377\000I\000U\0001\0002\000\040\000P\000a\000n\000t\000a\000l\000l\000a\000\040\000d\000e\000\040\000R\000e\000g\000i\000s\000t\000r\000o\000\040\000d\000e\000\040\000N\000N\000A}{chapter.5}% 220
\BOOKMARK [2][-]{subsection.5.12.1}{\376\377\000O\000b\000j\000e\000t\000i\000v\000o}{section.5.12}% 221
\BOOKMARK [2][-]{subsection.5.12.2}{\376\377\000D\000i\000s\000e\000\361\000o}{section.5.12}% 222
\BOOKMARK [2][-]{subsection.5.12.3}{\376\377\000S\000a\000l\000i\000d\000a\000s}{section.5.12}% 223
\BOOKMARK [2][-]{subsection.5.12.4}{\376\377\000E\000n\000t\000r\000a\000d\000a\000s}{section.5.12}% 224
\BOOKMARK [2][-]{subsection.5.12.5}{\376\377\000C\000o\000m\000a\000n\000d\000o\000s}{section.5.12}% 225
\BOOKMARK [1][-]{section.5.13}{\376\377\000I\000U\0001\0003\000\040\000P\000a\000n\000t\000a\000l\000l\000a\000\040\000d\000e\000\040\000R\000e\000g\000i\000s\000t\000r\000o\000\040\000d\000e\000\040\000T\000u\000t\000o\000r}{chapter.5}% 226
\BOOKMARK [2][-]{subsection.5.13.1}{\376\377\000O\000b\000j\000e\000t\000i\000v\000o}{section.5.13}% 227
\BOOKMARK [2][-]{subsection.5.13.2}{\376\377\000D\000i\000s\000e\000\361\000o}{section.5.13}% 228
\BOOKMARK [2][-]{subsection.5.13.3}{\376\377\000S\000a\000l\000i\000d\000a\000s}{section.5.13}% 229
\BOOKMARK [2][-]{subsection.5.13.4}{\376\377\000E\000n\000t\000r\000a\000d\000a\000s}{section.5.13}% 230
\BOOKMARK [2][-]{subsection.5.13.5}{\376\377\000C\000o\000m\000a\000n\000d\000o\000s}{section.5.13}% 231
\BOOKMARK [1][-]{section.5.14}{\376\377\000I\000U\0001\0004\000\040\000P\000a\000n\000t\000a\000l\000l\000a\000\040\000d\000e\000\040\000C\000o\000n\000s\000u\000l\000t\000a\000\040\000d\000e\000\040\000N\000N\000A}{chapter.5}% 232
\BOOKMARK [2][-]{subsection.5.14.1}{\376\377\000O\000b\000j\000e\000t\000i\000v\000o}{section.5.14}% 233
\BOOKMARK [2][-]{subsection.5.14.2}{\376\377\000D\000i\000s\000e\000\361\000o}{section.5.14}% 234
\BOOKMARK [2][-]{subsection.5.14.3}{\376\377\000S\000a\000l\000i\000d\000a\000s}{section.5.14}% 235
\BOOKMARK [2][-]{subsection.5.14.4}{\376\377\000E\000n\000t\000r\000a\000d\000a\000s}{section.5.14}% 236
\BOOKMARK [2][-]{subsection.5.14.5}{\376\377\000C\000o\000m\000a\000n\000d\000o\000s}{section.5.14}% 237
\BOOKMARK [1][-]{section.5.15}{\376\377\000I\000U\0001\0005\000\040\000P\000a\000n\000t\000a\000l\000l\000a\000\040\000d\000e\000\040\000M\000o\000d\000i\000f\000i\000c\000a\000c\000i\000\363\000n\000\040\000d\000e\000\040\000N\000N\000A}{chapter.5}% 238
\BOOKMARK [2][-]{subsection.5.15.1}{\376\377\000O\000b\000j\000e\000t\000i\000v\000o}{section.5.15}% 239
\BOOKMARK [2][-]{subsection.5.15.2}{\376\377\000D\000i\000s\000e\000\361\000o}{section.5.15}% 240
\BOOKMARK [2][-]{subsection.5.15.3}{\376\377\000S\000a\000l\000i\000d\000a\000s}{section.5.15}% 241
\BOOKMARK [2][-]{subsection.5.15.4}{\376\377\000E\000n\000t\000r\000a\000d\000a\000s}{section.5.15}% 242
\BOOKMARK [2][-]{subsection.5.15.5}{\376\377\000C\000o\000m\000a\000n\000d\000o\000s}{section.5.15}% 243
\BOOKMARK [1][-]{section.5.16}{\376\377\000I\000U\0001\0006\000\040\000P\000a\000n\000t\000a\000l\000l\000a\000\040\000d\000e\000l\000\040\000P\000a\000n\000e\000l\000\040\000d\000e\000\040\000R\000e\000s\000t\000i\000t\000u\000c\000i\000\363\000n\000\040\000d\000e\000\040\000D\000e\000r\000e\000c\000h\000o\000s}{chapter.5}% 244
\BOOKMARK [2][-]{subsection.5.16.1}{\376\377\000O\000b\000j\000e\000t\000i\000v\000o}{section.5.16}% 245
\BOOKMARK [2][-]{subsection.5.16.2}{\376\377\000D\000i\000s\000e\000\361\000o}{section.5.16}% 246
\BOOKMARK [2][-]{subsection.5.16.3}{\376\377\000S\000a\000l\000i\000d\000a\000s}{section.5.16}% 247
\BOOKMARK [2][-]{subsection.5.16.4}{\376\377\000E\000n\000t\000r\000a\000d\000a\000s}{section.5.16}% 248
\BOOKMARK [2][-]{subsection.5.16.5}{\376\377\000C\000o\000m\000a\000n\000d\000o\000s}{section.5.16}% 249
\BOOKMARK [1][-]{section.5.17}{\376\377\000I\000U\0001\0007\000\040\000P\000a\000n\000t\000a\000l\000l\000a\000\040\000d\000e\000\040\000C\000o\000n\000s\000u\000l\000t\000a\000\040\000d\000e\000\040\000C\000a\000t\000\341\000l\000o\000g\000o\000s}{chapter.5}% 250
\BOOKMARK [2][-]{subsection.5.17.1}{\376\377\000O\000b\000j\000e\000t\000i\000v\000o}{section.5.17}% 251
\BOOKMARK [2][-]{subsection.5.17.2}{\376\377\000D\000i\000s\000e\000\361\000o}{section.5.17}% 252
\BOOKMARK [2][-]{subsection.5.17.3}{\376\377\000S\000a\000l\000i\000d\000a\000s}{section.5.17}% 253
\BOOKMARK [2][-]{subsection.5.17.4}{\376\377\000E\000n\000t\000r\000a\000d\000a\000s}{section.5.17}% 254
\BOOKMARK [2][-]{subsection.5.17.5}{\376\377\000C\000o\000m\000a\000n\000d\000o\000s}{section.5.17}% 255
\BOOKMARK [1][-]{section.5.18}{\376\377\000C\000a\000t\000\341\000l\000o\000g\000o\000\040\000d\000e\000\040\000m\000e\000n\000s\000a\000j\000e\000s}{chapter.5}% 256
\BOOKMARK [2][-]{subsection.5.18.1}{\376\377\000L\000i\000s\000t\000a\000\040\000d\000e\000\040\000m\000e\000n\000s\000a\000j\000e\000s}{section.5.18}% 257
